// Jest Snapshot v1, https://goo.gl/fbAQLP

exports[`matches snapshot 1`] = `
<DocumentFragment>
  <div
    class="Todo-item"
  >
    <li />
    <button>
      Edit
    </button>
    <button>
      X
    </button>
  </div>
</DocumentFragment>
`;
