// Jest Snapshot v1, https://goo.gl/fbAQLP

exports[`it matches snapshot 1`] = `
<DocumentFragment>
  <form>
    <label
      for="bgColor"
    >
      Background color:
    </label>
    <input
      id="bgColor"
      name="bgColor"
      type="text"
      value=""
    />
    <br />
    <label
      for="width"
    >
      Width:
    </label>
    <input
      id="width"
      name="width"
      type="text"
      value=""
    />
    <br />
    <label
      for="height"
    >
      Height:
    </label>
    <input
      id="height"
      name="height"
      type="text"
      value=""
    />
    <br />
    <button>
      Add
    </button>
  </form>
</DocumentFragment>
`;
