// Jest Snapshot v1, https://goo.gl/fbAQLP

exports[`matches snapshot 1`] = `
<DocumentFragment>
  <div>
    <h2>
      Todos:
    </h2>
    <p>
      No todos.
    </p>
    <h3>
      Add a new todo:
    </h3>
    <form>
      <label
        for="todo"
      >
        Todo:
      </label>
      <input
        id="todo"
        name="todo"
        type="text"
        value=""
      />
      <br />
      <button>
        Add
      </button>
    </form>
  </div>
</DocumentFragment>
`;
